[
  {
    "comparison": "B-A",
    "n_available": 12,
    "available": true,
    "mean_delta": 0.0003988149413570406,
    "median_delta": -1.3521975526186586e-05,
    "bootstrap_95_ci": [
      -1.3642823484925556e-05,
      0.0008115256053179611
    ],
    "positive_case_count": 3,
    "negative_case_count": 9,
    "zero_case_count": 0,
    "permutation_p": 0.25,
    "wilcoxon_p": 0.67724609375,
    "effect_direction": "POSITIVE",
    "availability_denominator": 12,
    "holm_adjusted_p": 0.25
  },
  {
    "comparison": "C-B",
    "n_available": 10,
    "available": true,
    "mean_delta": 0.47508559639836867,
    "median_delta": 0.6368797809462079,
    "bootstrap_95_ci": [
      0.30693010547411514,
      0.6402166923709636
    ],
    "positive_case_count": 8,
    "negative_case_count": 0,
    "zero_case_count": 2,
    "permutation_p": 0.0078125,
    "wilcoxon_p": 0.0078125,
    "effect_direction": "POSITIVE",
    "availability_denominator": 10,
    "holm_adjusted_p": 0.0234375
  },
  {
    "comparison": "D-C",
    "n_available": 10,
    "available": true,
    "mean_delta": -0.44861281882774084,
    "median_delta": -0.5736336615908195,
    "bootstrap_95_ci": [
      -0.5989420004279526,
      -0.2761904541252633
    ],
    "positive_case_count": 2,
    "negative_case_count": 8,
    "zero_case_count": 0,
    "permutation_p": 0.0078125,
    "wilcoxon_p": 0.009765625,
    "effect_direction": "NEGATIVE",
    "availability_denominator": 10,
    "holm_adjusted_p": 0.0234375
  }
]
