{
  "task": "w18_selector_audit_inventory_v2",
  "fix": "canonicalize metrics/selector/repair join by case_id|variant",
  "candidate_count": 30,
  "case_count": 6,
  "variant_count": 5,
  "winner_count": 6,
  "repair_seed_count": 22,
  "issue_count": 0,
  "dod": {
    "candidate_count_eq_30": true,
    "case_count_eq_6": true,
    "winner_count_ge_6": true,
    "repair_seed_count_ge_8": true,
    "all_rows_have_metrics": true,
    "all_rows_have_selector": true
  },
  "outputs": {
    "inventory_csv": "reports/w18_selector_audit_inventory_20260708_v2.csv",
    "summary_json": "reports/w18_selector_audit_summary_20260708_v2.json",
    "issues_json": "reports/w18_selector_audit_issues_20260708_v2.json"
  }
}
