{
  "schemaVersion": "week12.procedural-audio-audition-pack-manifest.v0",
  "generatedAt": "2026-06-04T01:51:19.114350+00:00",
  "status": "PASS",
  "candidateCount": 10,
  "qaRecordCount": 10,
  "allFormatOk": true,
  "allDurationMatchesExpected": true,
  "allRequireHumanAudition": true,
  "semanticFidelityClaimedAny": false,
  "mixReadyClaimedAny": false,
  "aggregateMetrics": {
    "rmsDbfsMin": -44.779,
    "rmsDbfsMax": -35.729,
    "rmsDbfsMedian": -42.27,
    "silenceFrameRatioMax": 0.982709
  },
  "mainbase": {
    "repo": "git@github.com:Grtin0916/A-structured-sound-layer-generation-system-for-generative-video-and-long-video-creation-workflows.git",
    "commit": "204da16",
    "candidateManifestPath": "artifacts/manifests/week12_procedural_audio_candidates_manifest_v0.json",
    "candidateManifestSha256": "ed910f50520bde6f4e349bd145793c888283306c091d3988feaf5eaf012b345e",
    "candidateJsonlPath": "artifacts/manifests/week12_procedural_audio_candidates_v0.jsonl",
    "candidateJsonlSha256": "d81949e7b9084ebebf0d6b0057752e84ca62c34386910964aecfd0419a79f757"
  },
  "outputs": {
    "auditionHtml": "artifacts/audition/week12_procedural_baseline_v0/index.html",
    "auditionHtmlSha256": "c1acdc14bb125ec7cc33e0c825a868a11a50fac2f01bdc9e3e7ca9d438f549ec",
    "waveformContactSheetSvg": "artifacts/audition/week12_procedural_baseline_v0/waveform_contact_sheet.svg",
    "waveformContactSheetSvgSha256": "9ce80704d12b8c22e2bfc52a4ae96aa1a84965d7f27a47b1c5c8568da55014fd",
    "metricsJsonl": "artifacts/manifests/week12_procedural_audio_audition_metrics_v0.jsonl",
    "metricsJsonlSha256": "b608b1d27727847fb20bfd2b54d373bde303cdc0693104a4795fe44158126c2f",
    "metricsCsv": "artifacts/manifests/week12_procedural_audio_audition_metrics_v0.csv",
    "metricsCsvSha256": "f85ed734b9a9e6a745847e6676ca54adb5e1d73902926d700a032cc72af471f7"
  },
  "doesNotClaim": [
    "semantic audio quality",
    "human audition has passed",
    "final mix readiness",
    "text-to-audio model inference",
    "production asset storage"
  ]
}
