{
  "schemaVersion": "week15.temporal_alignment_waveform_rms_index.v2",
  "status": "PASS",
  "purpose": "Explain original FAIL_DRIFT and remediated PASS using waveform and frame-level RMS evidence.",
  "candidates": [
    {
      "candidateId": "procedural_v0_0004",
      "originalAudio": "artifacts/audio_candidates/week12_procedural_baseline_v0/0004_slot_v0_0004_generation_fallback.wav",
      "remediatedAudio": "artifacts/audio_candidates/week15_temporal_alignment_remediated/procedural_v0_0004_trimmed_preroll_20ms.wav",
      "figure": "artifacts/figures/week15_temporal_alignment/procedural_v0_0004_waveform_rms_original_vs_remediated.png",
      "originalSampleRate": 16000,
      "remediatedSampleRate": 16000,
      "originalDurationSec": 4.32,
      "remediatedDurationSec": 2.285,
      "durationDeltaSec": -2.035,
      "originalOnsetProxySec": 0.0325,
      "remediatedOnsetProxySec": 0.0325,
      "onsetProxyDeltaSec": 0.0
    },
    {
      "candidateId": "procedural_v0_0010",
      "originalAudio": "artifacts/audio_candidates/week12_procedural_baseline_v0/0010_slot_v0_0010_generation_fallback.wav",
      "remediatedAudio": "artifacts/audio_candidates/week15_temporal_alignment_remediated/procedural_v0_0010_trimmed_preroll_20ms.wav",
      "figure": "artifacts/figures/week15_temporal_alignment/procedural_v0_0010_waveform_rms_original_vs_remediated.png",
      "originalSampleRate": 16000,
      "remediatedSampleRate": 16000,
      "originalDurationSec": 4.24,
      "remediatedDurationSec": 3.215,
      "durationDeltaSec": -1.025,
      "originalOnsetProxySec": 0.0325,
      "remediatedOnsetProxySec": 0.0325,
      "onsetProxyDeltaSec": 0.0
    }
  ],
  "errors": [],
  "boundary": [
    "visual_explainability_only",
    "does_not_claim_semantic_audio_quality",
    "does_not_claim_human_audition_passed",
    "does_not_claim_final_mix_readiness"
  ]
}
WROTE_INDEX=artifacts/evals/week15_temporal_alignment_waveform_rms_index.json
WROTE_FIGURE=artifacts/figures/week15_temporal_alignment/procedural_v0_0004_waveform_rms_original_vs_remediated.png
WROTE_FIGURE=artifacts/figures/week15_temporal_alignment/procedural_v0_0010_waveform_rms_original_vs_remediated.png
